// Vitest Snapshot v1, https://vitest.dev/guide/snapshot.html

exports[`Tile icon component > Renders a Tile icon 1`] = `<img alt="bar" class="pdap-tile-icon" src="foo">`;
