// Vitest Snapshot v1, https://vitest.dev/guide/snapshot.html

exports[`QuickSearchForm component > Renders a QuickSearchForm 1`] = `
<div class="pdap-flex-container pdap-flex-container-start p-0">
  <h2 class="mt-0">Search our database</h2>
  <p class="pb-4 md:pb-8"> If you are looking for something specific, we may already be tracking it. <a href="https://pdap.io/data">Learn more about the data here.</a>
  </p>
</div>
<div class="pdap-flex-container pdap-flex-container-center pdap-quick-search-form h-full max-h-[75-vh] justify-start p-0">
  <form class="pdap-form flex flex-wrap gap-x-4" id="quick-search-form" name="quickSearchForm">
    <!--v-if-->
    <div class="pdap-grid-container pdap-input">
      <!-- Text -->
      <input id="search-term" name="searchTerm" placeholder="Enter a keyword, or &#x27;all&#x27;" type="text"><!-- Password -->
      <!--v-if-->
      <!--v-if-->
      <label class="pdap-input-label" for="search-term">What are you looking for?</label>
    </div>
    <div class="pdap-grid-container pdap-input">
      <!-- Text -->
      <input id="location" name="location" placeholder="Enter a place, or &#x27;all&#x27;" type="text"><!-- Password -->
      <!--v-if-->
      <!--v-if-->
      <label class="pdap-input-label" for="location">From where?</label>
    </div>
    <button class="pdap-button pdap-button-primary flex-grow-0 flex-shrink-0 basis-full max-w-[unset] mt-4" type="submit">Search Data Sources</button>
  </form>
  <p class="max-w-[unset] text-med"> For example, you could search for <a> stops in Pittsburgh </a> or <a> complaints everywhere </a> . </p>
</div>
`;
