// Vitest Snapshot v1, https://vitest.dev/guide/snapshot.html

exports[`PdapInputDatePicker > Rendering > does not render label when neither prop nor slot is provided 1`] = `
<div class="pdap-input">
  <!--v-if-->
  <!--v-if-->
  <vue-date-picker-stub actionrow="[object Object]" arialabels="[object Object]" arrownavigation="false" autoapply="false" autocomplete="off" autoposition="false" canceltext="Cancel" clearable="false" dark="false" disabled="false" disableddates disabledweekdays disablemonthyearselect="false" disableyearselect="false" enableminutes="false" enableseconds="false" enabletimepicker="false" escclose="false" filters="[object Object]" flow focusstartdate="false" hideinputicon="false" hidenavigation hideoffsetdates="false" hoursgridincrement="1" hoursincrement="1" id="test-id" ignoretimevalidation="false" inline="false" is24="false" loading="false" locale="en-Us" markers minutesgridincrement="5" minutesincrement="1" modelauto="false" monthchangeonarrows="false" monthchangeonscroll="false" monthnameformat="short" monthpicker="false" multicalendars="false" multidates="false" name="testName" nohoursoverlay="false" nominutesoverlay="false" nosecondsoverlay="false" notoday="false" nowbuttonlabel="Now" offset="10" partialflow="false" placeholder position="center" presetdates preventminmaxnavigation="false" previewformat quarterpicker="false" range="false" required="false" reverseyears="false" secondsgridincrement="5" secondsincrement="1" selecttext="Select" sixweeks="false" spaceconfirm="false" state="false" teleport="false" teleportcenter="false" textinput="false" timepicker="false" timepickerinline="false" transitions="false" ui="[object Object]" utc="false" vertical="false" weeknumname="W" weekpicker="false" weekstart="1" yearfirst="false" yearpicker="false" yearrange="1900,2100"></vue-date-picker-stub>
</div>
`;

exports[`PdapInputDatePicker > Rendering > renders complex label slot content 1`] = `
<div class="pdap-input">
  <label for="test-id" id="testName-test-id-label">
    <div class="complex-label">
      <span class="label-title">Complex Label</span>
      <small class="label-hint">* Required field</small>
    </div>
  </label>
  <!--v-if-->
  <vue-date-picker-stub actionrow="[object Object]" arialabels="[object Object]" arrownavigation="false" autoapply="false" autocomplete="off" autoposition="false" canceltext="Cancel" clearable="false" dark="false" disabled="false" disableddates disabledweekdays disablemonthyearselect="false" disableyearselect="false" enableminutes="false" enableseconds="false" enabletimepicker="false" escclose="false" filters="[object Object]" flow focusstartdate="false" hideinputicon="false" hidenavigation hideoffsetdates="false" hoursgridincrement="1" hoursincrement="1" id="test-id" ignoretimevalidation="false" inline="false" is24="false" label="Test Label" loading="false" locale="en-Us" markers minutesgridincrement="5" minutesincrement="1" modelauto="false" monthchangeonarrows="false" monthchangeonscroll="false" monthnameformat="short" monthpicker="false" multicalendars="false" multidates="false" name="testName" nohoursoverlay="false" nominutesoverlay="false" nosecondsoverlay="false" notoday="false" nowbuttonlabel="Now" offset="10" partialflow="false" placeholder position="center" presetdates preventminmaxnavigation="false" previewformat quarterpicker="false" range="false" required="false" reverseyears="false" secondsgridincrement="5" secondsincrement="1" selecttext="Select" sixweeks="false" spaceconfirm="false" state="false" teleport="false" teleportcenter="false" textinput="false" timepicker="false" timepickerinline="false" transitions="false" ui="[object Object]" utc="false" vertical="false" weeknumname="W" weekpicker="false" weekstart="1" yearfirst="false" yearpicker="false" yearrange="1900,2100"></vue-date-picker-stub>
</div>
`;

exports[`PdapInputDatePicker > Rendering > renders error slot when slot is provided 1`] = `
<div class="pdap-input pdap-input-error">
  <label for="test-id" id="testName-test-id-label">Test Label</label>
  <div class="pdap-input-error-message">
    <span class="custom-error">Custom Error Message</span>
  </div>
  <vue-date-picker-stub actionrow="[object Object]" arialabels="[object Object]" arrownavigation="false" autoapply="false" autocomplete="off" autoposition="false" canceltext="Cancel" clearable="false" dark="false" disabled="false" disableddates disabledweekdays disablemonthyearselect="false" disableyearselect="false" enableminutes="false" enableseconds="false" enabletimepicker="false" escclose="false" filters="[object Object]" flow focusstartdate="false" hideinputicon="false" hidenavigation hideoffsetdates="false" hoursgridincrement="1" hoursincrement="1" id="test-id" ignoretimevalidation="false" inline="false" is24="false" label="Test Label" loading="false" locale="en-Us" markers minutesgridincrement="5" minutesincrement="1" modelauto="false" monthchangeonarrows="false" monthchangeonscroll="false" monthnameformat="short" monthpicker="false" multicalendars="false" multidates="false" name="testName" nohoursoverlay="false" nominutesoverlay="false" nosecondsoverlay="false" notoday="false" nowbuttonlabel="Now" offset="10" partialflow="false" placeholder position="center" presetdates preventminmaxnavigation="false" previewformat quarterpicker="false" range="false" required="false" reverseyears="false" secondsgridincrement="5" secondsincrement="1" selecttext="Select" sixweeks="false" spaceconfirm="false" state="true" teleport="false" teleportcenter="false" textinput="false" timepicker="false" timepickerinline="false" transitions="false" ui="[object Object]" utc="false" vertical="false" weeknumname="W" weekpicker="false" weekstart="1" yearfirst="false" yearpicker="false" yearrange="1900,2100"></vue-date-picker-stub>
</div>
`;

exports[`PdapInputDatePicker > Rendering > renders label prop when no slot is provided 1`] = `
<div class="pdap-input">
  <label for="test-id" id="testName-test-id-label">Label from prop</label>
  <!--v-if-->
  <vue-date-picker-stub actionrow="[object Object]" arialabels="[object Object]" arrownavigation="false" autoapply="false" autocomplete="off" autoposition="false" canceltext="Cancel" clearable="false" dark="false" disabled="false" disableddates disabledweekdays disablemonthyearselect="false" disableyearselect="false" enableminutes="false" enableseconds="false" enabletimepicker="false" escclose="false" filters="[object Object]" flow focusstartdate="false" hideinputicon="false" hidenavigation hideoffsetdates="false" hoursgridincrement="1" hoursincrement="1" id="test-id" ignoretimevalidation="false" inline="false" is24="false" label="Label from prop" loading="false" locale="en-Us" markers minutesgridincrement="5" minutesincrement="1" modelauto="false" monthchangeonarrows="false" monthchangeonscroll="false" monthnameformat="short" monthpicker="false" multicalendars="false" multidates="false" name="testName" nohoursoverlay="false" nominutesoverlay="false" nosecondsoverlay="false" notoday="false" nowbuttonlabel="Now" offset="10" partialflow="false" placeholder position="center" presetdates preventminmaxnavigation="false" previewformat quarterpicker="false" range="false" required="false" reverseyears="false" secondsgridincrement="5" secondsincrement="1" selecttext="Select" sixweeks="false" spaceconfirm="false" state="false" teleport="false" teleportcenter="false" textinput="false" timepicker="false" timepickerinline="false" transitions="false" ui="[object Object]" utc="false" vertical="false" weeknumname="W" weekpicker="false" weekstart="1" yearfirst="false" yearpicker="false" yearrange="1900,2100"></vue-date-picker-stub>
</div>
`;

exports[`PdapInputDatePicker > Rendering > renders label slot when provided 1`] = `
<div class="pdap-input">
  <label for="test-id" id="testName-test-id-label">
    <span class="custom-label">Custom Label Content</span>
  </label>
  <!--v-if-->
  <vue-date-picker-stub actionrow="[object Object]" arialabels="[object Object]" arrownavigation="false" autoapply="false" autocomplete="off" autoposition="false" canceltext="Cancel" clearable="false" dark="false" disabled="false" disableddates disabledweekdays disablemonthyearselect="false" disableyearselect="false" enableminutes="false" enableseconds="false" enabletimepicker="false" escclose="false" filters="[object Object]" flow focusstartdate="false" hideinputicon="false" hidenavigation hideoffsetdates="false" hoursgridincrement="1" hoursincrement="1" id="test-id" ignoretimevalidation="false" inline="false" is24="false" label="Label from prop" loading="false" locale="en-Us" markers minutesgridincrement="5" minutesincrement="1" modelauto="false" monthchangeonarrows="false" monthchangeonscroll="false" monthnameformat="short" monthpicker="false" multicalendars="false" multidates="false" name="testName" nohoursoverlay="false" nominutesoverlay="false" nosecondsoverlay="false" notoday="false" nowbuttonlabel="Now" offset="10" partialflow="false" placeholder position="center" presetdates preventminmaxnavigation="false" previewformat quarterpicker="false" range="false" required="false" reverseyears="false" secondsgridincrement="5" secondsincrement="1" selecttext="Select" sixweeks="false" spaceconfirm="false" state="false" teleport="false" teleportcenter="false" textinput="false" timepicker="false" timepickerinline="false" transitions="false" ui="[object Object]" utc="false" vertical="false" weeknumname="W" weekpicker="false" weekstart="1" yearfirst="false" yearpicker="false" yearrange="1900,2100"></vue-date-picker-stub>
</div>
`;
