// Vitest Snapshot v1, https://vitest.dev/guide/snapshot.html

exports[`Renders container component > Renders a container 1`] = `<div class="pdap-container pdap-container-start">Container Content</div>`;
